2026-07-30 17:06:32,358 [INFO] [ReqID: 75db2ed7] GET /api/health
2026-07-30 17:06:46,146 [INFO] [ReqID: 555e8338] GET /api/clusters
2026-07-30 17:12:57,270 [INFO] [ReqID: ec9c6202] GET /api/health
2026-07-30 17:12:57,751 [INFO] [ReqID: 6568d5a5] GET /favicon.ico
2026-07-30 17:13:06,000 [INFO] [ReqID: 293b0a68] GET /admin
2026-07-30 17:13:06,065 [INFO] [ReqID: a469ca64] GET /style.css
2026-07-30 17:13:06,068 [INFO] [ReqID: e6c254fd] GET /config.js
2026-07-30 17:13:06,071 [INFO] [ReqID: 49d94e77] GET /app.js
2026-07-30 17:13:06,832 [INFO] [ReqID: 6ac3643f] GET /api/config
2026-07-30 17:13:06,833 [INFO] [ReqID: fb8d45b9] GET /processed_gap_data.json
2026-07-30 17:13:27,188 [INFO] [ReqID: 94bd9332] POST /api/chat
2026-07-30 17:13:38,900 [INFO] [ReqID: e9ab2986] POST /api/chat
2026-07-30 17:14:01,805 [INFO] [ReqID: 6cd7b4ca] POST /api/chat
2026-07-30 17:14:28,294 [INFO] [ReqID: abe88559] POST /api/chat
2026-07-30 17:14:50,313 [INFO] [ReqID: 11331bc8] POST /api/chat
2026-07-30 17:17:45,757 [INFO] [ReqID: a55ae79e] GET /app.js
2026-07-30 17:17:45,952 [INFO] [ReqID: e21cbe46] GET /api/config
2026-07-30 17:17:45,953 [INFO] [ReqID: 00367818] GET /processed_gap_data.json
2026-07-30 17:17:52,212 [INFO] [ReqID: 9111f602] POST /api/chat
2026-07-30 17:18:03,245 [INFO] [ReqID: 2e791372] POST /api/chat
2026-07-30 17:18:18,307 [INFO] [ReqID: f40d0ec0] POST /api/chat
2026-07-30 17:19:01,585 [INFO] [ReqID: fd973ccb] POST /api/chat
2026-07-30 17:19:12,314 [INFO] [ReqID: 3dc9ca2e] POST /api/chat
2026-07-30 17:20:30,026 [INFO] [ReqID: e4d16cf1] GET /api/config
2026-07-30 17:20:30,027 [INFO] [ReqID: 1872edda] GET /processed_gap_data.json
2026-07-30 17:20:52,458 [INFO] [ReqID: 39106a0d] POST /api/chat
2026-07-30 17:21:37,098 [INFO] [ReqID: 1fe70cad] GET /admin
2026-07-30 17:21:37,176 [INFO] [ReqID: e0bae6ab] GET /style.css
2026-07-30 17:21:37,181 [INFO] [ReqID: ce909be6] GET /config.js
2026-07-30 17:21:37,213 [INFO] [ReqID: 80edeb13] GET /api/config
2026-07-30 17:21:37,214 [INFO] [ReqID: 2dea856f] GET /processed_gap_data.json
2026-07-30 17:21:46,799 [INFO] [ReqID: 0b4bad68] POST /api/chat
2026-07-30 17:26:01,965 [INFO] [ReqID: 65a16228] GET /app.js
2026-07-30 17:26:02,121 [INFO] [ReqID: 0761f438] GET /processed_gap_data.json
2026-07-30 17:26:02,124 [INFO] [ReqID: 3847ea3e] GET /api/config
2026-07-30 17:26:10,586 [INFO] [ReqID: 801b73d2] POST /api/chat
2026-07-30 17:26:32,702 [INFO] [ReqID: 348405b3] POST /api/chat
2026-07-30 17:27:00,522 [INFO] [ReqID: 7852ebbc] POST /api/chat
2026-07-30 17:29:49,695 [INFO] [ReqID: ae6b69d8] GET /admin
2026-07-30 17:29:49,813 [INFO] [ReqID: 1139160d] GET /api/config
2026-07-30 17:29:49,815 [INFO] [ReqID: a571a23d] GET /processed_gap_data.json
2026-07-30 17:30:00,420 [INFO] [ReqID: 704ca4e5] POST /api/chat
2026-07-30 17:32:10,461 [INFO] [ReqID: df93856b] GET /style.css
2026-07-30 17:32:10,466 [INFO] [ReqID: 7e58fad2] GET /config.js
2026-07-30 17:32:10,467 [INFO] [ReqID: 0a142ced] GET /app.js
2026-07-30 17:35:32,059 [INFO] [ReqID: 8b762f1d] GET /admin
2026-07-30 17:35:32,119 [INFO] [ReqID: d5b08384] GET /app.js
2026-07-30 17:40:31,973 [INFO] [ReqID: 9efbd9ea] GET /app.js
2026-07-30 17:42:03,155 [INFO] [ReqID: 753940e0] GET /api/clusters
2026-07-30 17:42:50,458 [INFO] [ReqID: 1ad76e2c] GET /api/clusters
2026-07-30 17:43:19,733 [INFO] [ReqID: 5556e5e9] GET /admin
2026-07-30 17:43:19,898 [INFO] [ReqID: d1741668] GET /style.css
2026-07-30 17:43:19,905 [INFO] [ReqID: 604d7c10] GET /config.js
2026-07-30 17:43:19,908 [INFO] [ReqID: 5623fe7d] GET /app.js
2026-07-30 17:44:24,289 [INFO] [ReqID: 104fe5bd] GET /api/clusters
2026-07-30 17:49:12,545 [INFO] [ReqID: 9da689cb] GET /style.css
2026-07-30 17:51:23,495 [INFO] [ReqID: fbde85e6] GET /app.js
2026-07-30 17:51:40,801 [INFO] [ReqID: 0b71e771] GET /app.js
2026-07-30 17:54:04,832 [INFO] [ReqID: 523bd5e3] GET /style.css
2026-07-30 17:54:04,835 [INFO] [ReqID: 2947c8a6] GET /app.js
2026-07-30 17:54:04,890 [INFO] [ReqID: 2735e76e] GET /api/config
2026-07-30 17:54:04,892 [INFO] [ReqID: 4fc8abba] GET /api/clusters
2026-07-30 17:54:31,377 [INFO] [ReqID: c4babf94] POST /api/tutor
2026-07-30 17:54:55,486 [INFO] [ReqID: 3254d812] POST /api/tutor
2026-07-30 17:55:18,268 [INFO] [ReqID: 16d5d8fb] POST /api/tutor
2026-07-30 17:58:31,394 [INFO] [ReqID: 0c23acde] GET /admin
2026-07-30 17:58:31,478 [INFO] [ReqID: 072b3eba] GET /style.css
2026-07-30 17:58:31,481 [INFO] [ReqID: 4426f6f7] GET /app.js
2026-07-30 17:58:31,483 [INFO] [ReqID: 7b9704c0] GET /config.js
2026-07-30 17:58:31,604 [INFO] [ReqID: 3cf2d43d] GET /api/config
2026-07-30 17:58:31,608 [INFO] [ReqID: 3b8a93e7] GET /api/clusters
2026-07-30 17:58:50,950 [INFO] [ReqID: d2b16f9a] POST /api/tutor
2026-07-30 17:59:38,557 [INFO] [ReqID: d3c7404b] POST /api/tutor
2026-07-30 18:00:05,216 [INFO] [ReqID: 69b9458a] GET /admin
2026-07-30 18:00:05,279 [INFO] [ReqID: 5d3ba5b5] GET /style.css
2026-07-30 18:00:05,282 [INFO] [ReqID: 2366e4d8] GET /config.js
2026-07-30 18:00:05,285 [INFO] [ReqID: 89edc33e] GET /app.js
2026-07-30 18:00:06,931 [INFO] [ReqID: 9459b4ad] GET /api/config
2026-07-30 18:00:06,935 [INFO] [ReqID: 1b1c6b72] GET /api/clusters
2026-07-30 18:00:19,997 [INFO] [ReqID: 7caa6dbe] POST /api/tutor
2026-07-30 18:03:13,953 [INFO] [ReqID: e6c011c6] POST /api/tutor
2026-07-30 18:19:03,566 [INFO] [ReqID: b28429ab] GET /api/health
2026-07-30 18:19:10,101 [INFO] [ReqID: f726aed8] GET /admin
2026-07-30 18:19:10,190 [INFO] [ReqID: 927ccbf2] GET /style.css
2026-07-30 18:19:10,196 [INFO] [ReqID: 68ef6c1a] GET /config.js
2026-07-30 18:19:10,197 [INFO] [ReqID: 1fdf8f85] GET /app.js
2026-07-30 18:19:10,329 [INFO] [ReqID: 35feeafa] GET /api/config
2026-07-30 18:19:10,330 [INFO] [ReqID: 93cf5305] GET /api/clusters
2026-07-30 18:19:28,273 [INFO] [ReqID: bc77507e] POST /api/tutor
2026-07-30 18:20:03,496 [INFO] [ReqID: efb2dcda] POST /api/tutor
2026-07-30 18:20:18,402 [INFO] [ReqID: 80693f3b] POST /api/tutor
2026-07-30 18:22:31,685 [INFO] [ReqID: 0ecf0367] POST /api/tutor
2026-07-30 18:23:14,205 [INFO] [ReqID: 58086f86] POST /api/tutor
